00000190    TextureAsset ce98ec06ab4ce65f706930492d21b8d4
00000190        $::TextureBaseAsset
00000190            $::Asset
00000190                $::DataContainer
00000198                Name Characters/SP/Friendly/Golden/Golden_Head/Textures/T_SP_Golden_Haircards_A
000001a0            Resource 1fa350cbb0f710bf
