00000190    TextureAsset 8f498f7af4a474f2125ddbcf2a0deb58
00000190        $::TextureBaseAsset
00000190            $::Asset
00000190                $::DataContainer
00000198                Name Characters/SP/Friendly/Golden/Golden_Head/Textures/T_SP_Golden_Scalp_D
000001a0            Resource 05487ba83d4d1255
