00000190    TextureAsset 2c58e23a98fa9f3da37421645e1ad02c
00000190        $::TextureBaseAsset
00000190            $::Asset
00000190                $::DataContainer
00000198                Name Characters/SP/Friendly/Golden/Golden_Head/Textures/T_SP_Golden_Head_N
000001a0            Resource f30df8fd0da27db3
