00000190    TextureAsset bea3b3f6a18cab125a78f8268bf21c2f
00000190        $::TextureBaseAsset
00000190            $::Asset
00000190                $::DataContainer
00000198                Name Characters/SP/Friendly/Golden/Golden_Head/Textures/T_SP_Golden_Head_D
000001a0            Resource 6fd1ff33ca695ca0
