00000190    TextureAsset 8b7126e91653427aa8d0d89153647eeb
00000190        $::TextureBaseAsset
00000190            $::Asset
00000190                $::DataContainer
00000198                Name Characters/SP/Friendly/Golden/Golden_Head/Textures/T_SP_Golden_Head_Wrinkles_N
000001a0            Resource fd0422a474a905ea
