00000190    TextureAsset bf0bdf07c30dce68cb506f8cb5e3a9b2
00000190        $::TextureBaseAsset
00000190            $::Asset
00000190                $::DataContainer
00000198                Name Characters/SP/Friendly/Golden/Golden_Head/Textures/T_SP_Golden_Head_Wrinkles_D
000001a0            Resource a5c1b2dabc073238
