000008a0    ObjectBlueprint e37ff79182b9fc891d9bd1545d1d4564
00000898        $::Blueprint
00000898            $::EntityBusData
00000898                $::DataBusData
00000898                    $::Asset
00000898                        $::DataContainer
000008a0                        Name Characters/SP/Friendly/Golden/SP_Golden_Lowerbody
000008a4                    PropertyConnections *nullArray*
000008a8                    LinkConnections *nullArray*
000008ac                    Interface *nullGuid*
000008b0                    Flags 0
000008b4                EventConnections *nullArray*
000008b8        Object 00000000
000008c0    MeshProxyEntityData 00000000
000008c0        $::SpatialEntityData
000008c0            $::EntityData
000008c0                $::GameObjectData
000008c0                    $::DataBusPeer
000008c0                        $::GameDataContainer
000008c0                            $::DataContainer
000008c8                        Flags 193780561
000008d0            Transform::LinearTransform
000008d0                right::Vec3
000008d0                    x 1.0
000008d4                    y 0.0
000008d8                    z 0.0
000008e0                up::Vec3
000008e0                    x 0.0
000008e4                    y 1.0
000008e8                    z 0.0
000008f0                forward::Vec3
000008f0                    x 0.0
000008f4                    y 0.0
000008f8                    z 1.0
00000900                trans::Vec3
00000900                    x 0.0
00000904                    y 0.0
00000908                    z 0.0
00000910        Mesh characters/sp/friendly/golden/sp_golden_lowerbody_Mesh/0dceca1271fd14b1976d221d57f93d97
00000914        BasePoseTransforms *nullArray*
