00000cb0    SkinnedMeshAsset e97c8803fd96c21688f687a01a6087b1
00000cb0        $::MeshAsset
00000cb0            $::Asset
00000cb0                $::DataContainer
00000cb8                Name characters/sp/friendly/golden/sp_golden_upperbody_Mesh
00000cbc            LodGroup LodGroups/Character/0616cedff6015943b64e3b0203b3c640
00000cc0            MeshSetResource 83ff78d847cabb7f
00000cc8            OccluderMeshResource 0000000000000000
00000cd0            LodScale 1.0
00000cd4            CullScale 1.0
00000cd8            CoverageValue 0.0
00000cdc            EnlightenType EnlightenType_Dynamic
00000ce0            ProceduralAnimation *nullGuid*
00000ce4            Materials::array
00000dd4                member(0) 8ca70da8566b1200b2781164b61ba8ce
00000dd8                member(1) 484cf0f1b61c9e69851b385fa1c30e0a
00000ce8            NameHash 3846271382
00000cec            StreamingEnable True
00000ced            OccluderMeshEnable False
00000cee            OccluderHighPriority False
00000cef            OccluderIsConservative True
00000cf0            DestructionMaterialEnable False
00000d00        BoundingBoxPositionOffset::Vec3
00000d00            x 0.0
00000d04            y 0.0
00000d08            z 0.0
00000d10        BoundingBoxSizeOffset::Vec3
00000d10            x 0.0
00000d14            y 0.0
00000d18            z 0.0
00000d30    MeshMaterial 484cf0f1b61c9e69851b385fa1c30e0a
00000d28        $::DataContainer
00000d30        ShaderInstance *nullGuid*
00000d34        Shader::SurfaceShaderInstanceDataStruct
00000d34            Shader Characters/Shaders/CharacterRoot_Skin_SP/326e6bd040785e4288b79bdb5976ce1b
00000d38            BoolParameters *nullArray*
00000d3c            VectorParameters *nullArray*
00000d40            VectorArrayParameters *nullArray*
00000d44            TextureParameters *nullArray*
00000d48        TessellationType ShaderTessellationType_None
00000d4c        TessellationTriangleSize 12.0
00000d50        TessellationMaxDistance 20.0
00000d54        BackFaceCullEpsilon 0.5
00000d58        ShapeFactor 0.75
00000d5c        DisplacementMap *nullGuid*
00000d60        DisplacementScale 1.0
00000d64        DisplacementBias 0.5
00000d68        DisplacementMapTexCoord 0
00000d6c        SmoothEdgeVertices False
00000d80    MeshMaterial 8ca70da8566b1200b2781164b61ba8ce
00000d78        $::DataContainer
00000d80        ShaderInstance *nullGuid*
00000d84        Shader::SurfaceShaderInstanceDataStruct
00000d84            Shader Characters/Shaders/CharacterRoot_MatMask_SS/09fbd561b0782c4b96deab98d90c84c4
00000d88            BoolParameters *nullArray*
00000d8c            VectorParameters *nullArray*
00000d90            VectorArrayParameters *nullArray*
00000d94            TextureParameters *nullArray*
00000d98        TessellationType ShaderTessellationType_None
00000d9c        TessellationTriangleSize 12.0
00000da0        TessellationMaxDistance 20.0
00000da4        BackFaceCullEpsilon 0.5
00000da8        ShapeFactor 0.75
00000dac        DisplacementMap *nullGuid*
00000db0        DisplacementScale 1.0
00000db4        DisplacementBias 0.5
00000db8        DisplacementMapTexCoord 0
00000dbc        SmoothEdgeVertices False
