00000180    TextureAsset 56dac077555e6b7574885e83db8e5c0b
00000180        $::TextureBaseAsset
00000180            $::Asset
00000180                $::DataContainer
00000188                Name Characters/SP/Friendly/Golden/Textures/T_SP_Golden_Upperbody_S
00000190            Resource b1b7778d3e389011
