00000180    TextureAsset 66cc7aa14f4293b7a75ef3789396da86
00000180        $::TextureBaseAsset
00000180            $::Asset
00000180                $::DataContainer
00000188                Name Characters/SP/Friendly/Golden/Textures/T_SP_Golden_Upperbody_MM
00000190            Resource 1b976b95eecf751d
