00000180    TextureAsset c72e76ca1d3366bf0bf823460fd58783
00000180        $::TextureBaseAsset
00000180            $::Asset
00000180                $::DataContainer
00000188                Name Characters/SP/Friendly/Golden/Textures/T_SP_Golden_Upperbody_D
00000190            Resource cbd671a524ff83a0
