00000180    TextureAsset 89bdda12bf8ebcc5f1add2f78fb4eede
00000180        $::TextureBaseAsset
00000180            $::Asset
00000180                $::DataContainer
00000188                Name Characters/SP/Friendly/Golden/Textures/T_SP_Golden_Lowerbody_S
00000190            Resource 6ff7129a8abce5ff
