00000180    TextureAsset b1a8333f340cda599e1c39da01966def
00000180        $::TextureBaseAsset
00000180            $::Asset
00000180                $::DataContainer
00000188                Name Characters/SP/Friendly/Golden/Textures/T_SP_Golden_Lowerbody_MM
00000190            Resource ff91e92b51fbb68d
