00000180    TextureAsset cb4e9338b3407a6c3d29f374beb8a4d2
00000180        $::TextureBaseAsset
00000180            $::Asset
00000180                $::DataContainer
00000188                Name Characters/SP/Friendly/Golden/Textures/T_SP_Golden_Lowerbody_N
00000190            Resource 9bf2fe000b657c07
