00000180    TextureAsset 369a99a1701090733b89d7f1015b43e7
00000180        $::TextureBaseAsset
00000180            $::Asset
00000180                $::DataContainer
00000188                Name Characters/SP/Friendly/Golden/Textures/T_SP_Golden_Upperbody_N
00000190            Resource 2d7f3240562f1c3a
