00000180    TextureAsset 69ae3746454cd87f1b670a39683d66d3
00000180        $::TextureBaseAsset
00000180            $::Asset
00000180                $::DataContainer
00000188                Name Characters/SP/Friendly/Golden/Textures/T_SP_Golden_Lowerbody_D
00000190            Resource c33654092faa878e
