00000cb0    SkinnedMeshAsset 92e71a6598f9838dbae294b087aadb4b
00000cb0        $::MeshAsset
00000cb0            $::Asset
00000cb0                $::DataContainer
00000cb8                Name characters/sp/friendly/golden/golden_head/sp_golden_bandage_Mesh
00000cbc            LodGroup LodGroups/Character_SmallObjects/b067a76633d2a7795c10296c84eaa1e6
00000cc0            MeshSetResource 35b62e8abf5866cb
00000cc8            OccluderMeshResource 0000000000000000
00000cd0            LodScale 1.0
00000cd4            CullScale 1.0
00000cd8            CoverageValue 0.0
00000cdc            EnlightenType EnlightenType_Dynamic
00000ce0            ProceduralAnimation *nullGuid*
00000ce4            Materials::array
00000d84                member(0) d8e9793fa1ea78ac71f999660ef59b01
00000ce8            NameHash 3468814237
00000cec            StreamingEnable True
00000ced            OccluderMeshEnable False
00000cee            OccluderHighPriority False
00000cef            OccluderIsConservative True
00000cf0            DestructionMaterialEnable False
00000d00        BoundingBoxPositionOffset::Vec3
00000d00            x 0.0
00000d04            y 0.0
00000d08            z 0.0
00000d10        BoundingBoxSizeOffset::Vec3
00000d10            x 0.0
00000d14            y 0.0
00000d18            z 0.0
00000d30    MeshMaterial d8e9793fa1ea78ac71f999660ef59b01
00000d28        $::DataContainer
00000d30        ShaderInstance *nullGuid*
00000d34        Shader::SurfaceShaderInstanceDataStruct
00000d34            Shader Objects/Shaders/Presets/ObjectPreset_DNS/7943dbdf5fbf3f45ba40644913701858
00000d38            BoolParameters *nullArray*
00000d3c            VectorParameters::array
00000d90                member(0)::VectorShaderParameter
00000d90                    Value::Vec4
00000d90                        x 0.20000000298
00000d94                        y 0.0
00000d98                        z 0.0
00000d9c                        w 0.0
00000da0                    ParameterName FresnelBias
00000da4                    ParameterType ShaderParameterType_Scalar
00000d40            VectorArrayParameters *nullArray*
00000d44            TextureParameters *nullArray*
00000d48        TessellationType ShaderTessellationType_None
00000d4c        TessellationTriangleSize 12.0
00000d50        TessellationMaxDistance 20.0
00000d54        BackFaceCullEpsilon 0.5
00000d58        ShapeFactor 0.75
00000d5c        DisplacementMap *nullGuid*
00000d60        DisplacementScale 1.0
00000d64        DisplacementBias 0.5
00000d68        DisplacementMapTexCoord 0
00000d6c        SmoothEdgeVertices False
