00000de0    SkinnedMeshAsset 1fec3bbc6ea88c3c33fa97b34d2eee41
00000de0        $::MeshAsset
00000de0            $::Asset
00000de0                $::DataContainer
00000de8                Name characters/sp/friendly/golden/golden_head/sp_golden_head_Mesh
00000dec            LodGroup LodGroups/Character_Skip1Gen3_Stream1PC/77d88976f26af79ea041741b3db05c38
00000df0            MeshSetResource 8f38af34fc8f8a23
00000df8            OccluderMeshResource 0000000000000000
00000e00            LodScale 1.0
00000e04            CullScale 1.0
00000e08            CoverageValue 0.0
00000e0c            EnlightenType EnlightenType_Dynamic
00000e10            ProceduralAnimation *nullGuid*
00000e14            Materials::array
00000ff4                member(0) 7532f602d020ae44a844c3586e77b150
00000ff8                member(1) 95b80e29f83aeb4ebdb4af12a45b6f69
00000ffc                member(2) 8bb7a51356284348a89e45983a4c7b1c
00001000                member(3) 564f960b1086be4da4a0203cab954245
00001004                member(4) 3c0aa03d7605d74e873f64096a16b615
00000e18            NameHash 2137989119
00000e1c            StreamingEnable True
00000e1d            OccluderMeshEnable False
00000e1e            OccluderHighPriority False
00000e1f            OccluderIsConservative True
00000e20            DestructionMaterialEnable False
00000e30        BoundingBoxPositionOffset::Vec3
00000e30            x 0.0
00000e34            y 0.0
00000e38            z 0.0
00000e40        BoundingBoxSizeOffset::Vec3
00000e40            x 0.0
00000e44            y 0.0
00000e48            z 0.0
00000e60    MeshMaterial 3c0aa03d7605d74e873f64096a16b615
00000e58        $::DataContainer
00000e60        ShaderInstance *nullGuid*
00000e64        Shader::SurfaceShaderInstanceDataStruct
00000e64            Shader Characters/ScanTests/SealKit01/CharacterRoot_Hair_2/9316c1bb447616458bbe68e296802982
00000e68            BoolParameters *nullArray*
00000e6c            VectorParameters *nullArray*
00000e70            VectorArrayParameters *nullArray*
00000e74            TextureParameters *nullArray*
00000e78        TessellationType ShaderTessellationType_None
00000e7c        TessellationTriangleSize 12.0
00000e80        TessellationMaxDistance 20.0
00000e84        BackFaceCullEpsilon 0.5
00000e88        ShapeFactor 0.75
00000e8c        DisplacementMap *nullGuid*
00000e90        DisplacementScale 1.0
00000e94        DisplacementBias 0.5
00000e98        DisplacementMapTexCoord 0
00000e9c        SmoothEdgeVertices False
00000eb0    MeshMaterial 564f960b1086be4da4a0203cab954245
00000ea8        $::DataContainer
00000eb0        ShaderInstance *nullGuid*
00000eb4        Shader::SurfaceShaderInstanceDataStruct
00000eb4            Shader Characters/Heads/Shared/Shaders/SS_SP_Head_Skin_WrinkleMap/4446b19d69f3a24a89f55bacd9db194e
00000eb8            BoolParameters *nullArray*
00000ebc            VectorParameters::array
00001010                member(0)::VectorShaderParameter
00001010                    Value::Vec4
00001010                        x 1.0
00001014                        y 0.0
00001018                        z 0.0
0000101c                        w 0.0
00001020                    ParameterName _DiffuseIntensity
00001024                    ParameterType ShaderParameterType_Scalar
00001030                member(1)::VectorShaderParameter
00001030                    Value::Vec4
00001030                        x 0.40000000596
00001034                        y 0.0
00001038                        z 0.0
0000103c                        w 0.0
00001040                    ParameterName _DirtIntensity
00001044                    ParameterType ShaderParameterType_Scalar
00001050                member(2)::VectorShaderParameter
00001050                    Value::Vec4
00001050                        x 1.29999995232
00001054                        y 0.0
00001058                        z 0.0
0000105c                        w 0.0
00001060                    ParameterName _SmoothnesScale
00001064                    ParameterType ShaderParameterType_Scalar
00001070                member(3)::VectorShaderParameter
00001070                    Value::Vec4
00001070                        x 3.0
00001074                        y 0.0
00001078                        z 0.0
0000107c                        w 0.0
00001080                    ParameterName _SpecularFresnel
00001084                    ParameterType ShaderParameterType_Scalar
00001090                member(4)::VectorShaderParameter
00001090                    Value::Vec4
00001090                        x 0.800000011921
00001094                        y 0.0
00001098                        z 0.0
0000109c                        w 0.0
000010a0                    ParameterName _SpecularScale
000010a4                    ParameterType ShaderParameterType_Scalar
000010b0                member(5)::VectorShaderParameter
000010b0                    Value::Vec4
000010b0                        x 1.0
000010b4                        y 0.0
000010b8                        z 0.0
000010bc                        w 0.0
000010c0                    ParameterName _SS_Scale2
000010c4                    ParameterType ShaderParameterType_Scalar
000010d0                member(6)::VectorShaderParameter
000010d0                    Value::Vec4
000010d0                        x 0.10000000149
000010d4                        y 0.0
000010d8                        z 0.0
000010dc                        w 0.0
000010e0                    ParameterName _Sweaty
000010e4                    ParameterType ShaderParameterType_Scalar
00000ec0            VectorArrayParameters *nullArray*
00000ec4            TextureParameters *nullArray*
00000ec8        TessellationType ShaderTessellationType_None
00000ecc        TessellationTriangleSize 12.0
00000ed0        TessellationMaxDistance 20.0
00000ed4        BackFaceCullEpsilon 0.5
00000ed8        ShapeFactor 0.75
00000edc        DisplacementMap *nullGuid*
00000ee0        DisplacementScale 1.0
00000ee4        DisplacementBias 0.5
00000ee8        DisplacementMapTexCoord 0
00000eec        SmoothEdgeVertices False
00000f00    MeshMaterial 7532f602d020ae44a844c3586e77b150
00000ef8        $::DataContainer
00000f00        ShaderInstance *nullGuid*
00000f04        Shader::SurfaceShaderInstanceDataStruct
00000f04            Shader Characters/Heads/Shared/Shaders/SS_CharacterRoot_Eyelashes/464def0de9f33848a15e1a43e57ab436
00000f08            BoolParameters *nullArray*
00000f0c            VectorParameters::array
00001100                member(0)::VectorShaderParameter
00001100                    Value::Vec4
00001100                        x 0.899999976158
00001104                        y 0.899999976158
00001108                        z 0.899999976158
0000110c                        w 0.899999976158
00001110                    ParameterName AlphaScale
00001114                    ParameterType ShaderParameterType_Color
00001120                member(1)::VectorShaderParameter
00001120                    Value::Vec4
00001120                        x 0.0480000004172
00001124                        y 0.0179999992251
00001128                        z 0.0010000000475
0000112c                        w 0.0010000000475
00001130                    ParameterName ColorScale
00001134                    ParameterType ShaderParameterType_Color
00000f10            VectorArrayParameters *nullArray*
00000f14            TextureParameters *nullArray*
00000f18        TessellationType ShaderTessellationType_None
00000f1c        TessellationTriangleSize 12.0
00000f20        TessellationMaxDistance 20.0
00000f24        BackFaceCullEpsilon 0.5
00000f28        ShapeFactor 0.75
00000f2c        DisplacementMap *nullGuid*
00000f30        DisplacementScale 1.0
00000f34        DisplacementBias 0.5
00000f38        DisplacementMapTexCoord 0
00000f3c        SmoothEdgeVertices False
00000f50    MeshMaterial 8bb7a51356284348a89e45983a4c7b1c
00000f48        $::DataContainer
00000f50        ShaderInstance *nullGuid*
00000f54        Shader::SurfaceShaderInstanceDataStruct
00000f54            Shader Characters/Heads/Shared/Shaders/SS_Human_Eye_SP/3715f36610236247833e69df78fb1b4f
00000f58            BoolParameters *nullArray*
00000f5c            VectorParameters::array
00001150                member(0)::VectorShaderParameter
00001150                    Value::Vec4
00001150                        x 1.0
00001154                        y 0.5
00001158                        z 0.300000011921
0000115c                        w 0.300000011921
00001160                    ParameterName IrisColor
00001164                    ParameterType ShaderParameterType_Color
00001170                member(1)::VectorShaderParameter
00001170                    Value::Vec4
00001170                        x 0.75
00001174                        y 0.75
00001178                        z 0.75
0000117c                        w 0.75
00001180                    ParameterName ScleraColor
00001184                    ParameterType ShaderParameterType_Color
00000f60            VectorArrayParameters *nullArray*
00000f64            TextureParameters *nullArray*
00000f68        TessellationType ShaderTessellationType_None
00000f6c        TessellationTriangleSize 12.0
00000f70        TessellationMaxDistance 20.0
00000f74        BackFaceCullEpsilon 0.5
00000f78        ShapeFactor 0.75
00000f7c        DisplacementMap *nullGuid*
00000f80        DisplacementScale 1.0
00000f84        DisplacementBias 0.5
00000f88        DisplacementMapTexCoord 0
00000f8c        SmoothEdgeVertices False
00000fa0    MeshMaterial 95b80e29f83aeb4ebdb4af12a45b6f69
00000f98        $::DataContainer
00000fa0        ShaderInstance *nullGuid*
00000fa4        Shader::SurfaceShaderInstanceDataStruct
00000fa4            Shader Characters/Heads/Shared/Shaders/SS_SP_Teeth/bd6754395572b0469fc8d1b1d1c38823
00000fa8            BoolParameters *nullArray*
00000fac            VectorParameters::array
000011a0                member(0)::VectorShaderParameter
000011a0                    Value::Vec4
000011a0                        x 0.00999999977648
000011a4                        y 0.0
000011a8                        z 0.0
000011ac                        w 0.0
000011b0                    ParameterName SpecularScale
000011b4                    ParameterType ShaderParameterType_Scalar
00000fb0            VectorArrayParameters *nullArray*
00000fb4            TextureParameters *nullArray*
00000fb8        TessellationType ShaderTessellationType_None
00000fbc        TessellationTriangleSize 12.0
00000fc0        TessellationMaxDistance 20.0
00000fc4        BackFaceCullEpsilon 0.5
00000fc8        ShapeFactor 0.75
00000fcc        DisplacementMap *nullGuid*
00000fd0        DisplacementScale 1.0
00000fd4        DisplacementBias 0.5
00000fd8        DisplacementMapTexCoord 0
00000fdc        SmoothEdgeVertices False
