00000180    TextureAsset e1a00ba061870967bf0623493d561604
00000180        $::TextureBaseAsset
00000180            $::Asset
00000180                $::DataContainer
00000188                Name Characters/SP/Friendly/Golden/Golden_Head/T_SP_Bandage_D
00000190            Resource 5b46896659159896
