00000180    TextureAsset 83e23bbb23601c6cec175e591f665750
00000180        $::TextureBaseAsset
00000180            $::Asset
00000180                $::DataContainer
00000188                Name Characters/SP/Friendly/Golden/Golden_Head/T_SP_Bandage_S
00000190            Resource 4bc8e9a66b9bb6ab
