00000180    TextureAsset 74d5768299ac44bfd458440179410eab
00000180        $::TextureBaseAsset
00000180            $::Asset
00000180                $::DataContainer
00000188                Name Characters/SP/Friendly/Golden/Golden_Head/T_SP_Bandage_N
00000190            Resource 3d1ee166f23e51e3
